16:58:17 **** Build of configuration Debug for project Alpha ****
make -j12 all 
arm-none-eabi-gcc "C:/Users/epica/STM32Cube/Repository/STM32Cube_FW_F0_V1.11.3/Drivers/STM32F0xx_HAL_Driver/Src/stm32f0xx_hal.c" -mcpu=cortex-m0 -std=gnu11 -g3 -DDEBUG -DUSE_HAL_DRIVER -DSTM32F072xB -c -I../Core/Inc -IC:/Users/epica/STM32Cube/Repository/STM32Cube_FW_F0_V1.11.3/Drivers/STM32F0xx_HAL_Driver/Inc -IC:/Users/epica/STM32Cube/Repository/STM32Cube_FW_F0_V1.11.3/Drivers/STM32F0xx_HAL_Driver/Inc/Legacy -IC:/Users/epica/STM32Cube/Repository/STM32Cube_FW_F0_V1.11.3/Drivers/CMSIS/Device/ST/STM32F0xx/Include -IC:/Users/epica/STM32Cube/Repository/STM32Cube_FW_F0_V1.11.3/Drivers/CMSIS/Include -O0 -ffunction-sections -fdata-sections -Wall -fstack-usage -MMD -MP -MF"Drivers/STM32F0xx_HAL_Driver/stm32f0xx_hal.d" -MT"Drivers/STM32F0xx_HAL_Driver/stm32f0xx_hal.o" --specs=nano.specs -mfloat-abi=soft -mthumb -o "Drivers/STM32F0xx_HAL_Driver/stm32f0xx_hal.o"
arm-none-eabi-gcc "C:/Users/epica/STM32Cube/Repository/STM32Cube_FW_F0_V1.11.3/Drivers/STM32F0xx_HAL_Driver/Src/stm32f0xx_hal_cortex.c" -mcpu=cortex-m0 -std=gnu11 -g3 -DDEBUG -DUSE_HAL_DRIVER -DSTM32F072xB -c -I../Core/Inc -IC:/Users/epica/STM32Cube/Repository/STM32Cube_FW_F0_V1.11.3/Drivers/STM32F0xx_HAL_Driver/Inc -IC:/Users/epica/STM32Cube/Repository/STM32Cube_FW_F0_V1.11.3/Drivers/STM32F0xx_HAL_Driver/Inc/Legacy -IC:/Users/epica/STM32Cube/Repository/STM32Cube_FW_F0_V1.11.3/Drivers/CMSIS/Device/ST/STM32F0xx/Include -IC:/Users/epica/STM32Cube/Repository/STM32Cube_FW_F0_V1.11.3/Drivers/CMSIS/Include -O0 -ffunction-sections -fdata-sections -Wall -fstack-usage -MMD -MP -MF"Drivers/STM32F0xx_HAL_Driver/stm32f0xx_hal_cortex.d" -MT"Drivers/STM32F0xx_HAL_Driver/stm32f0xx_hal_cortex.o" --specs=nano.specs -mfloat-abi=soft -mthumb -o "Drivers/STM32F0xx_HAL_Driver/stm32f0xx_hal_cortex.o"
arm-none-eabi-gcc "C:/Users/epica/STM32Cube/Repository/STM32Cube_FW_F0_V1.11.3/Drivers/STM32F0xx_HAL_Driver/Src/stm32f0xx_hal_dma.c" -mcpu=cortex-m0 -std=gnu11 -g3 -DDEBUG -DUSE_HAL_DRIVER -DSTM32F072xB -c -I../Core/Inc -IC:/Users/epica/STM32Cube/Repository/STM32Cube_FW_F0_V1.11.3/Drivers/STM32F0xx_HAL_Driver/Inc -IC:/Users/epica/STM32Cube/Repository/STM32Cube_FW_F0_V1.11.3/Drivers/STM32F0xx_HAL_Driver/Inc/Legacy -IC:/Users/epica/STM32Cube/Repository/STM32Cube_FW_F0_V1.11.3/Drivers/CMSIS/Device/ST/STM32F0xx/Include -IC:/Users/epica/STM32Cube/Repository/STM32Cube_FW_F0_V1.11.3/Drivers/CMSIS/Include -O0 -ffunction-sections -fdata-sections -Wall -fstack-usage -MMD -MP -MF"Drivers/STM32F0xx_HAL_Driver/stm32f0xx_hal_dma.d" -MT"Drivers/STM32F0xx_HAL_Driver/stm32f0xx_hal_dma.o" --specs=nano.specs -mfloat-abi=soft -mthumb -o "Drivers/STM32F0xx_HAL_Driver/stm32f0xx_hal_dma.o"
arm-none-eabi-gcc "C:/Users/epica/STM32Cube/Repository/STM32Cube_FW_F0_V1.11.3/Drivers/STM32F0xx_HAL_Driver/Src/stm32f0xx_hal_exti.c" -mcpu=cortex-m0 -std=gnu11 -g3 -DDEBUG -DUSE_HAL_DRIVER -DSTM32F072xB -c -I../Core/Inc -IC:/Users/epica/STM32Cube/Repository/STM32Cube_FW_F0_V1.11.3/Drivers/STM32F0xx_HAL_Driver/Inc -IC:/Users/epica/STM32Cube/Repository/STM32Cube_FW_F0_V1.11.3/Drivers/STM32F0xx_HAL_Driver/Inc/Legacy -IC:/Users/epica/STM32Cube/Repository/STM32Cube_FW_F0_V1.11.3/Drivers/CMSIS/Device/ST/STM32F0xx/Include -IC:/Users/epica/STM32Cube/Repository/STM32Cube_FW_F0_V1.11.3/Drivers/CMSIS/Include -O0 -ffunction-sections -fdata-sections -Wall -fstack-usage -MMD -MP -MF"Drivers/STM32F0xx_HAL_Driver/stm32f0xx_hal_exti.d" -MT"Drivers/STM32F0xx_HAL_Driver/stm32f0xx_hal_exti.o" --specs=nano.specs -mfloat-abi=soft -mthumb -o "Drivers/STM32F0xx_HAL_Driver/stm32f0xx_hal_exti.o"
arm-none-eabi-gcc "C:/Users/epica/STM32Cube/Repository/STM32Cube_FW_F0_V1.11.3/Drivers/STM32F0xx_HAL_Driver/Src/stm32f0xx_hal_flash.c" -mcpu=cortex-m0 -std=gnu11 -g3 -DDEBUG -DUSE_HAL_DRIVER -DSTM32F072xB -c -I../Core/Inc -IC:/Users/epica/STM32Cube/Repository/STM32Cube_FW_F0_V1.11.3/Drivers/STM32F0xx_HAL_Driver/Inc -IC:/Users/epica/STM32Cube/Repository/STM32Cube_FW_F0_V1.11.3/Drivers/STM32F0xx_HAL_Driver/Inc/Legacy -IC:/Users/epica/STM32Cube/Repository/STM32Cube_FW_F0_V1.11.3/Drivers/CMSIS/Device/ST/STM32F0xx/Include -IC:/Users/epica/STM32Cube/Repository/STM32Cube_FW_F0_V1.11.3/Drivers/CMSIS/Include -O0 -ffunction-sections -fdata-sections -Wall -fstack-usage -MMD -MP -MF"Drivers/STM32F0xx_HAL_Driver/stm32f0xx_hal_flash.d" -MT"Drivers/STM32F0xx_HAL_Driver/stm32f0xx_hal_flash.o" --specs=nano.specs -mfloat-abi=soft -mthumb -o "Drivers/STM32F0xx_HAL_Driver/stm32f0xx_hal_flash.o"
arm-none-eabi-gcc "C:/Users/epica/STM32Cube/Repository/STM32Cube_FW_F0_V1.11.3/Drivers/STM32F0xx_HAL_Driver/Src/stm32f0xx_hal_flash_ex.c" -mcpu=cortex-m0 -std=gnu11 -g3 -DDEBUG -DUSE_HAL_DRIVER -DSTM32F072xB -c -I../Core/Inc -IC:/Users/epica/STM32Cube/Repository/STM32Cube_FW_F0_V1.11.3/Drivers/STM32F0xx_HAL_Driver/Inc -IC:/Users/epica/STM32Cube/Repository/STM32Cube_FW_F0_V1.11.3/Drivers/STM32F0xx_HAL_Driver/Inc/Legacy -IC:/Users/epica/STM32Cube/Repository/STM32Cube_FW_F0_V1.11.3/Drivers/CMSIS/Device/ST/STM32F0xx/Include -IC:/Users/epica/STM32Cube/Repository/STM32Cube_FW_F0_V1.11.3/Drivers/CMSIS/Include -O0 -ffunction-sections -fdata-sections -Wall -fstack-usage -MMD -MP -MF"Drivers/STM32F0xx_HAL_Driver/stm32f0xx_hal_flash_ex.d" -MT"Drivers/STM32F0xx_HAL_Driver/stm32f0xx_hal_flash_ex.o" --specs=nano.specs -mfloat-abi=soft -mthumb -o "Drivers/STM32F0xx_HAL_Driver/stm32f0xx_hal_flash_ex.o"
arm-none-eabi-gcc "C:/Users/epica/STM32Cube/Repository/STM32Cube_FW_F0_V1.11.3/Drivers/STM32F0xx_HAL_Driver/Src/stm32f0xx_hal_gpio.c" -mcpu=cortex-m0 -std=gnu11 -g3 -DDEBUG -DUSE_HAL_DRIVER -DSTM32F072xB -c -I../Core/Inc -IC:/Users/epica/STM32Cube/Repository/STM32Cube_FW_F0_V1.11.3/Drivers/STM32F0xx_HAL_Driver/Inc -IC:/Users/epica/STM32Cube/Repository/STM32Cube_FW_F0_V1.11.3/Drivers/STM32F0xx_HAL_Driver/Inc/Legacy -IC:/Users/epica/STM32Cube/Repository/STM32Cube_FW_F0_V1.11.3/Drivers/CMSIS/Device/ST/STM32F0xx/Include -IC:/Users/epica/STM32Cube/Repository/STM32Cube_FW_F0_V1.11.3/Drivers/CMSIS/Include -O0 -ffunction-sections -fdata-sections -Wall -fstack-usage -MMD -MP -MF"Drivers/STM32F0xx_HAL_Driver/stm32f0xx_hal_gpio.d" -MT"Drivers/STM32F0xx_HAL_Driver/stm32f0xx_hal_gpio.o" --specs=nano.specs -mfloat-abi=soft -mthumb -o "Drivers/STM32F0xx_HAL_Driver/stm32f0xx_hal_gpio.o"
arm-none-eabi-gcc "C:/Users/epica/STM32Cube/Repository/STM32Cube_FW_F0_V1.11.3/Drivers/STM32F0xx_HAL_Driver/Src/stm32f0xx_hal_i2c.c" -mcpu=cortex-m0 -std=gnu11 -g3 -DDEBUG -DUSE_HAL_DRIVER -DSTM32F072xB -c -I../Core/Inc -IC:/Users/epica/STM32Cube/Repository/STM32Cube_FW_F0_V1.11.3/Drivers/STM32F0xx_HAL_Driver/Inc -IC:/Users/epica/STM32Cube/Repository/STM32Cube_FW_F0_V1.11.3/Drivers/STM32F0xx_HAL_Driver/Inc/Legacy -IC:/Users/epica/STM32Cube/Repository/STM32Cube_FW_F0_V1.11.3/Drivers/CMSIS/Device/ST/STM32F0xx/Include -IC:/Users/epica/STM32Cube/Repository/STM32Cube_FW_F0_V1.11.3/Drivers/CMSIS/Include -O0 -ffunction-sections -fdata-sections -Wall -fstack-usage -MMD -MP -MF"Drivers/STM32F0xx_HAL_Driver/stm32f0xx_hal_i2c.d" -MT"Drivers/STM32F0xx_HAL_Driver/stm32f0xx_hal_i2c.o" --specs=nano.specs -mfloat-abi=soft -mthumb -o "Drivers/STM32F0xx_HAL_Driver/stm32f0xx_hal_i2c.o"
arm-none-eabi-gcc "C:/Users/epica/STM32Cube/Repository/STM32Cube_FW_F0_V1.11.3/Drivers/STM32F0xx_HAL_Driver/Src/stm32f0xx_hal_i2c_ex.c" -mcpu=cortex-m0 -std=gnu11 -g3 -DDEBUG -DUSE_HAL_DRIVER -DSTM32F072xB -c -I../Core/Inc -IC:/Users/epica/STM32Cube/Repository/STM32Cube_FW_F0_V1.11.3/Drivers/STM32F0xx_HAL_Driver/Inc -IC:/Users/epica/STM32Cube/Repository/STM32Cube_FW_F0_V1.11.3/Drivers/STM32F0xx_HAL_Driver/Inc/Legacy -IC:/Users/epica/STM32Cube/Repository/STM32Cube_FW_F0_V1.11.3/Drivers/CMSIS/Device/ST/STM32F0xx/Include -IC:/Users/epica/STM32Cube/Repository/STM32Cube_FW_F0_V1.11.3/Drivers/CMSIS/Include -O0 -ffunction-sections -fdata-sections -Wall -fstack-usage -MMD -MP -MF"Drivers/STM32F0xx_HAL_Driver/stm32f0xx_hal_i2c_ex.d" -MT"Drivers/STM32F0xx_HAL_Driver/stm32f0xx_hal_i2c_ex.o" --specs=nano.specs -mfloat-abi=soft -mthumb -o "Drivers/STM32F0xx_HAL_Driver/stm32f0xx_hal_i2c_ex.o"
arm-none-eabi-gcc "C:/Users/epica/STM32Cube/Repository/STM32Cube_FW_F0_V1.11.3/Drivers/STM32F0xx_HAL_Driver/Src/stm32f0xx_hal_pwr.c" -mcpu=cortex-m0 -std=gnu11 -g3 -DDEBUG -DUSE_HAL_DRIVER -DSTM32F072xB -c -I../Core/Inc -IC:/Users/epica/STM32Cube/Repository/STM32Cube_FW_F0_V1.11.3/Drivers/STM32F0xx_HAL_Driver/Inc -IC:/Users/epica/STM32Cube/Repository/STM32Cube_FW_F0_V1.11.3/Drivers/STM32F0xx_HAL_Driver/Inc/Legacy -IC:/Users/epica/STM32Cube/Repository/STM32Cube_FW_F0_V1.11.3/Drivers/CMSIS/Device/ST/STM32F0xx/Include -IC:/Users/epica/STM32Cube/Repository/STM32Cube_FW_F0_V1.11.3/Drivers/CMSIS/Include -O0 -ffunction-sections -fdata-sections -Wall -fstack-usage -MMD -MP -MF"Drivers/STM32F0xx_HAL_Driver/stm32f0xx_hal_pwr.d" -MT"Drivers/STM32F0xx_HAL_Driver/stm32f0xx_hal_pwr.o" --specs=nano.specs -mfloat-abi=soft -mthumb -o "Drivers/STM32F0xx_HAL_Driver/stm32f0xx_hal_pwr.o"
arm-none-eabi-gcc "C:/Users/epica/STM32Cube/Repository/STM32Cube_FW_F0_V1.11.3/Drivers/STM32F0xx_HAL_Driver/Src/stm32f0xx_hal_pwr_ex.c" -mcpu=cortex-m0 -std=gnu11 -g3 -DDEBUG -DUSE_HAL_DRIVER -DSTM32F072xB -c -I../Core/Inc -IC:/Users/epica/STM32Cube/Repository/STM32Cube_FW_F0_V1.11.3/Drivers/STM32F0xx_HAL_Driver/Inc -IC:/Users/epica/STM32Cube/Repository/STM32Cube_FW_F0_V1.11.3/Drivers/STM32F0xx_HAL_Driver/Inc/Legacy -IC:/Users/epica/STM32Cube/Repository/STM32Cube_FW_F0_V1.11.3/Drivers/CMSIS/Device/ST/STM32F0xx/Include -IC:/Users/epica/STM32Cube/Repository/STM32Cube_FW_F0_V1.11.3/Drivers/CMSIS/Include -O0 -ffunction-sections -fdata-sections -Wall -fstack-usage -MMD -MP -MF"Drivers/STM32F0xx_HAL_Driver/stm32f0xx_hal_pwr_ex.d" -MT"Drivers/STM32F0xx_HAL_Driver/stm32f0xx_hal_pwr_ex.o" --specs=nano.specs -mfloat-abi=soft -mthumb -o "Drivers/STM32F0xx_HAL_Driver/stm32f0xx_hal_pwr_ex.o"
arm-none-eabi-gcc "C:/Users/epica/STM32Cube/Repository/STM32Cube_FW_F0_V1.11.3/Drivers/STM32F0xx_HAL_Driver/Src/stm32f0xx_hal_rcc.c" -mcpu=cortex-m0 -std=gnu11 -g3 -DDEBUG -DUSE_HAL_DRIVER -DSTM32F072xB -c -I../Core/Inc -IC:/Users/epica/STM32Cube/Repository/STM32Cube_FW_F0_V1.11.3/Drivers/STM32F0xx_HAL_Driver/Inc -IC:/Users/epica/STM32Cube/Repository/STM32Cube_FW_F0_V1.11.3/Drivers/STM32F0xx_HAL_Driver/Inc/Legacy -IC:/Users/epica/STM32Cube/Repository/STM32Cube_FW_F0_V1.11.3/Drivers/CMSIS/Device/ST/STM32F0xx/Include -IC:/Users/epica/STM32Cube/Repository/STM32Cube_FW_F0_V1.11.3/Drivers/CMSIS/Include -O0 -ffunction-sections -fdata-sections -Wall -fstack-usage -MMD -MP -MF"Drivers/STM32F0xx_HAL_Driver/stm32f0xx_hal_rcc.d" -MT"Drivers/STM32F0xx_HAL_Driver/stm32f0xx_hal_rcc.o" --specs=nano.specs -mfloat-abi=soft -mthumb -o "Drivers/STM32F0xx_HAL_Driver/stm32f0xx_hal_rcc.o"
arm-none-eabi-gcc "C:/Users/epica/STM32Cube/Repository/STM32Cube_FW_F0_V1.11.3/Drivers/STM32F0xx_HAL_Driver/Src/stm32f0xx_hal_rcc_ex.c" -mcpu=cortex-m0 -std=gnu11 -g3 -DDEBUG -DUSE_HAL_DRIVER -DSTM32F072xB -c -I../Core/Inc -IC:/Users/epica/STM32Cube/Repository/STM32Cube_FW_F0_V1.11.3/Drivers/STM32F0xx_HAL_Driver/Inc -IC:/Users/epica/STM32Cube/Repository/STM32Cube_FW_F0_V1.11.3/Drivers/STM32F0xx_HAL_Driver/Inc/Legacy -IC:/Users/epica/STM32Cube/Repository/STM32Cube_FW_F0_V1.11.3/Drivers/CMSIS/Device/ST/STM32F0xx/Include -IC:/Users/epica/STM32Cube/Repository/STM32Cube_FW_F0_V1.11.3/Drivers/CMSIS/Include -O0 -ffunction-sections -fdata-sections -Wall -fstack-usage -MMD -MP -MF"Drivers/STM32F0xx_HAL_Driver/stm32f0xx_hal_rcc_ex.d" -MT"Drivers/STM32F0xx_HAL_Driver/stm32f0xx_hal_rcc_ex.o" --specs=nano.specs -mfloat-abi=soft -mthumb -o "Drivers/STM32F0xx_HAL_Driver/stm32f0xx_hal_rcc_ex.o"
arm-none-eabi-gcc "C:/Users/epica/STM32Cube/Repository/STM32Cube_FW_F0_V1.11.3/Drivers/STM32F0xx_HAL_Driver/Src/stm32f0xx_hal_tim.c" -mcpu=cortex-m0 -std=gnu11 -g3 -DDEBUG -DUSE_HAL_DRIVER -DSTM32F072xB -c -I../Core/Inc -IC:/Users/epica/STM32Cube/Repository/STM32Cube_FW_F0_V1.11.3/Drivers/STM32F0xx_HAL_Driver/Inc -IC:/Users/epica/STM32Cube/Repository/STM32Cube_FW_F0_V1.11.3/Drivers/STM32F0xx_HAL_Driver/Inc/Legacy -IC:/Users/epica/STM32Cube/Repository/STM32Cube_FW_F0_V1.11.3/Drivers/CMSIS/Device/ST/STM32F0xx/Include -IC:/Users/epica/STM32Cube/Repository/STM32Cube_FW_F0_V1.11.3/Drivers/CMSIS/Include -O0 -ffunction-sections -fdata-sections -Wall -fstack-usage -MMD -MP -MF"Drivers/STM32F0xx_HAL_Driver/stm32f0xx_hal_tim.d" -MT"Drivers/STM32F0xx_HAL_Driver/stm32f0xx_hal_tim.o" --specs=nano.specs -mfloat-abi=soft -mthumb -o "Drivers/STM32F0xx_HAL_Driver/stm32f0xx_hal_tim.o"
arm-none-eabi-gcc "C:/Users/epica/STM32Cube/Repository/STM32Cube_FW_F0_V1.11.3/Drivers/STM32F0xx_HAL_Driver/Src/stm32f0xx_hal_tim_ex.c" -mcpu=cortex-m0 -std=gnu11 -g3 -DDEBUG -DUSE_HAL_DRIVER -DSTM32F072xB -c -I../Core/Inc -IC:/Users/epica/STM32Cube/Repository/STM32Cube_FW_F0_V1.11.3/Drivers/STM32F0xx_HAL_Driver/Inc -IC:/Users/epica/STM32Cube/Repository/STM32Cube_FW_F0_V1.11.3/Drivers/STM32F0xx_HAL_Driver/Inc/Legacy -IC:/Users/epica/STM32Cube/Repository/STM32Cube_FW_F0_V1.11.3/Drivers/CMSIS/Device/ST/STM32F0xx/Include -IC:/Users/epica/STM32Cube/Repository/STM32Cube_FW_F0_V1.11.3/Drivers/CMSIS/Include -O0 -ffunction-sections -fdata-sections -Wall -fstack-usage -MMD -MP -MF"Drivers/STM32F0xx_HAL_Driver/stm32f0xx_hal_tim_ex.d" -MT"Drivers/STM32F0xx_HAL_Driver/stm32f0xx_hal_tim_ex.o" --specs=nano.specs -mfloat-abi=soft -mthumb -o "Drivers/STM32F0xx_HAL_Driver/stm32f0xx_hal_tim_ex.o"
arm-none-eabi-gcc "C:/Users/epica/STM32Cube/Repository/STM32Cube_FW_F0_V1.11.3/Drivers/STM32F0xx_HAL_Driver/Src/stm32f0xx_hal_uart.c" -mcpu=cortex-m0 -std=gnu11 -g3 -DDEBUG -DUSE_HAL_DRIVER -DSTM32F072xB -c -I../Core/Inc -IC:/Users/epica/STM32Cube/Repository/STM32Cube_FW_F0_V1.11.3/Drivers/STM32F0xx_HAL_Driver/Inc -IC:/Users/epica/STM32Cube/Repository/STM32Cube_FW_F0_V1.11.3/Drivers/STM32F0xx_HAL_Driver/Inc/Legacy -IC:/Users/epica/STM32Cube/Repository/STM32Cube_FW_F0_V1.11.3/Drivers/CMSIS/Device/ST/STM32F0xx/Include -IC:/Users/epica/STM32Cube/Repository/STM32Cube_FW_F0_V1.11.3/Drivers/CMSIS/Include -O0 -ffunction-sections -fdata-sections -Wall -fstack-usage -MMD -MP -MF"Drivers/STM32F0xx_HAL_Driver/stm32f0xx_hal_uart.d" -MT"Drivers/STM32F0xx_HAL_Driver/stm32f0xx_hal_uart.o" --specs=nano.specs -mfloat-abi=soft -mthumb -o "Drivers/STM32F0xx_HAL_Driver/stm32f0xx_hal_uart.o"
arm-none-eabi-gcc "C:/Users/epica/STM32Cube/Repository/STM32Cube_FW_F0_V1.11.3/Drivers/STM32F0xx_HAL_Driver/Src/stm32f0xx_hal_uart_ex.c" -mcpu=cortex-m0 -std=gnu11 -g3 -DDEBUG -DUSE_HAL_DRIVER -DSTM32F072xB -c -I../Core/Inc -IC:/Users/epica/STM32Cube/Repository/STM32Cube_FW_F0_V1.11.3/Drivers/STM32F0xx_HAL_Driver/Inc -IC:/Users/epica/STM32Cube/Repository/STM32Cube_FW_F0_V1.11.3/Drivers/STM32F0xx_HAL_Driver/Inc/Legacy -IC:/Users/epica/STM32Cube/Repository/STM32Cube_FW_F0_V1.11.3/Drivers/CMSIS/Device/ST/STM32F0xx/Include -IC:/Users/epica/STM32Cube/Repository/STM32Cube_FW_F0_V1.11.3/Drivers/CMSIS/Include -O0 -ffunction-sections -fdata-sections -Wall -fstack-usage -MMD -MP -MF"Drivers/STM32F0xx_HAL_Driver/stm32f0xx_hal_uart_ex.d" -MT"Drivers/STM32F0xx_HAL_Driver/stm32f0xx_hal_uart_ex.o" --specs=nano.specs -mfloat-abi=soft -mthumb -o "Drivers/STM32F0xx_HAL_Driver/stm32f0xx_hal_uart_ex.o"
arm-none-eabi-gcc -mcpu=cortex-m0 -g3 -DDEBUG -c -x assembler-with-cpp -MMD -MP -MF"Core/Startup/startup_stm32f072rbtx.d" -MT"Core/Startup/startup_stm32f072rbtx.o" --specs=nano.specs -mfloat-abi=soft -mthumb -o "Core/Startup/startup_stm32f072rbtx.o" "../Core/Startup/startup_stm32f072rbtx.s"
arm-none-eabi-gcc "../Core/Src/main.c" -mcpu=cortex-m0 -std=gnu11 -g3 -DDEBUG -DUSE_HAL_DRIVER -DSTM32F072xB -c -I../Core/Inc -IC:/Users/epica/STM32Cube/Repository/STM32Cube_FW_F0_V1.11.3/Drivers/STM32F0xx_HAL_Driver/Inc -IC:/Users/epica/STM32Cube/Repository/STM32Cube_FW_F0_V1.11.3/Drivers/STM32F0xx_HAL_Driver/Inc/Legacy -IC:/Users/epica/STM32Cube/Repository/STM32Cube_FW_F0_V1.11.3/Drivers/CMSIS/Device/ST/STM32F0xx/Include -IC:/Users/epica/STM32Cube/Repository/STM32Cube_FW_F0_V1.11.3/Drivers/CMSIS/Include -O0 -ffunction-sections -fdata-sections -Wall -fstack-usage -MMD -MP -MF"Core/Src/main.d" -MT"Core/Src/main.o" --specs=nano.specs -mfloat-abi=soft -mthumb -o "Core/Src/main.o"
arm-none-eabi-gcc "../Core/Src/stm32f0xx_hal_msp.c" -mcpu=cortex-m0 -std=gnu11 -g3 -DDEBUG -DUSE_HAL_DRIVER -DSTM32F072xB -c -I../Core/Inc -IC:/Users/epica/STM32Cube/Repository/STM32Cube_FW_F0_V1.11.3/Drivers/STM32F0xx_HAL_Driver/Inc -IC:/Users/epica/STM32Cube/Repository/STM32Cube_FW_F0_V1.11.3/Drivers/STM32F0xx_HAL_Driver/Inc/Legacy -IC:/Users/epica/STM32Cube/Repository/STM32Cube_FW_F0_V1.11.3/Drivers/CMSIS/Device/ST/STM32F0xx/Include -IC:/Users/epica/STM32Cube/Repository/STM32Cube_FW_F0_V1.11.3/Drivers/CMSIS/Include -O0 -ffunction-sections -fdata-sections -Wall -fstack-usage -MMD -MP -MF"Core/Src/stm32f0xx_hal_msp.d" -MT"Core/Src/stm32f0xx_hal_msp.o" --specs=nano.specs -mfloat-abi=soft -mthumb -o "Core/Src/stm32f0xx_hal_msp.o"
arm-none-eabi-gcc "../Core/Src/stm32f0xx_it.c" -mcpu=cortex-m0 -std=gnu11 -g3 -DDEBUG -DUSE_HAL_DRIVER -DSTM32F072xB -c -I../Core/Inc -IC:/Users/epica/STM32Cube/Repository/STM32Cube_FW_F0_V1.11.3/Drivers/STM32F0xx_HAL_Driver/Inc -IC:/Users/epica/STM32Cube/Repository/STM32Cube_FW_F0_V1.11.3/Drivers/STM32F0xx_HAL_Driver/Inc/Legacy -IC:/Users/epica/STM32Cube/Repository/STM32Cube_FW_F0_V1.11.3/Drivers/CMSIS/Device/ST/STM32F0xx/Include -IC:/Users/epica/STM32Cube/Repository/STM32Cube_FW_F0_V1.11.3/Drivers/CMSIS/Include -O0 -ffunction-sections -fdata-sections -Wall -fstack-usage -MMD -MP -MF"Core/Src/stm32f0xx_it.d" -MT"Core/Src/stm32f0xx_it.o" --specs=nano.specs -mfloat-abi=soft -mthumb -o "Core/Src/stm32f0xx_it.o"
arm-none-eabi-gcc "../Core/Src/syscalls.c" -mcpu=cortex-m0 -std=gnu11 -g3 -DDEBUG -DUSE_HAL_DRIVER -DSTM32F072xB -c -I../Core/Inc -IC:/Users/epica/STM32Cube/Repository/STM32Cube_FW_F0_V1.11.3/Drivers/STM32F0xx_HAL_Driver/Inc -IC:/Users/epica/STM32Cube/Repository/STM32Cube_FW_F0_V1.11.3/Drivers/STM32F0xx_HAL_Driver/Inc/Legacy -IC:/Users/epica/STM32Cube/Repository/STM32Cube_FW_F0_V1.11.3/Drivers/CMSIS/Device/ST/STM32F0xx/Include -IC:/Users/epica/STM32Cube/Repository/STM32Cube_FW_F0_V1.11.3/Drivers/CMSIS/Include -O0 -ffunction-sections -fdata-sections -Wall -fstack-usage -MMD -MP -MF"Core/Src/syscalls.d" -MT"Core/Src/syscalls.o" --specs=nano.specs -mfloat-abi=soft -mthumb -o "Core/Src/syscalls.o"
arm-none-eabi-gcc "../Core/Src/sysmem.c" -mcpu=cortex-m0 -std=gnu11 -g3 -DDEBUG -DUSE_HAL_DRIVER -DSTM32F072xB -c -I../Core/Inc -IC:/Users/epica/STM32Cube/Repository/STM32Cube_FW_F0_V1.11.3/Drivers/STM32F0xx_HAL_Driver/Inc -IC:/Users/epica/STM32Cube/Repository/STM32Cube_FW_F0_V1.11.3/Drivers/STM32F0xx_HAL_Driver/Inc/Legacy -IC:/Users/epica/STM32Cube/Repository/STM32Cube_FW_F0_V1.11.3/Drivers/CMSIS/Device/ST/STM32F0xx/Include -IC:/Users/epica/STM32Cube/Repository/STM32Cube_FW_F0_V1.11.3/Drivers/CMSIS/Include -O0 -ffunction-sections -fdata-sections -Wall -fstack-usage -MMD -MP -MF"Core/Src/sysmem.d" -MT"Core/Src/sysmem.o" --specs=nano.specs -mfloat-abi=soft -mthumb -o "Core/Src/sysmem.o"
arm-none-eabi-gcc "../Core/Src/system_stm32f0xx.c" -mcpu=cortex-m0 -std=gnu11 -g3 -DDEBUG -DUSE_HAL_DRIVER -DSTM32F072xB -c -I../Core/Inc -IC:/Users/epica/STM32Cube/Repository/STM32Cube_FW_F0_V1.11.3/Drivers/STM32F0xx_HAL_Driver/Inc -IC:/Users/epica/STM32Cube/Repository/STM32Cube_FW_F0_V1.11.3/Drivers/STM32F0xx_HAL_Driver/Inc/Legacy -IC:/Users/epica/STM32Cube/Repository/STM32Cube_FW_F0_V1.11.3/Drivers/CMSIS/Device/ST/STM32F0xx/Include -IC:/Users/epica/STM32Cube/Repository/STM32Cube_FW_F0_V1.11.3/Drivers/CMSIS/Include -O0 -ffunction-sections -fdata-sections -Wall -fstack-usage -MMD -MP -MF"Core/Src/system_stm32f0xx.d" -MT"Core/Src/system_stm32f0xx.o" --specs=nano.specs -mfloat-abi=soft -mthumb -o "Core/Src/system_stm32f0xx.o"
arm-none-eabi-gcc -o "Alpha.elf" @"objects.list"   -mcpu=cortex-m0 -T"C:\Users\epica\Documents\GitHub\Buckeye-Solar-Racing\Telemetry STM32 Firmware\2022-2023\Alpha\STM32F072RBTX_FLASH.ld" --specs=nosys.specs -Wl,-Map="Alpha.map" -Wl,--gc-sections -static --specs=nano.specs -mfloat-abi=soft -mthumb -Wl,--start-group -lc -lm -Wl,--end-group
Finished building target: Alpha.elf
 
arm-none-eabi-size   Alpha.elf 
arm-none-eabi-objdump -h -S  Alpha.elf  > "Alpha.list"
   text	   data	    bss	    dec	    hex	filename
   8112	     20	   1700	   9832	   2668	Alpha.elf
Finished building: default.size.stdout
 
Finished building: Alpha.list
 
17:22:06 **** Clean-only build of configuration Debug for project Alpha ****
make -j12 clean 
rm -rf ./Drivers/STM32F0xx_HAL_Driver/stm32f0xx_hal.d ./Drivers/STM32F0xx_HAL_Driver/stm32f0xx_hal.o ./Drivers/STM32F0xx_HAL_Driver/stm32f0xx_hal.su ./Drivers/STM32F0xx_HAL_Driver/stm32f0xx_hal_cortex.d ./Drivers/STM32F0xx_HAL_Driver/stm32f0xx_hal_cortex.o ./Drivers/STM32F0xx_HAL_Driver/stm32f0xx_hal_cortex.su ./Drivers/STM32F0xx_HAL_Driver/stm32f0xx_hal_dma.d ./Drivers/STM32F0xx_HAL_Driver/stm32f0xx_hal_dma.o ./Drivers/STM32F0xx_HAL_Driver/stm32f0xx_hal_dma.su ./Drivers/STM32F0xx_HAL_Driver/stm32f0xx_hal_exti.d ./Drivers/STM32F0xx_HAL_Driver/stm32f0xx_hal_exti.o ./Drivers/STM32F0xx_HAL_Driver/stm32f0xx_hal_exti.su ./Drivers/STM32F0xx_HAL_Driver/stm32f0xx_hal_flash.d ./Drivers/STM32F0xx_HAL_Driver/stm32f0xx_hal_flash.o ./Drivers/STM32F0xx_HAL_Driver/stm32f0xx_hal_flash.su ./Drivers/STM32F0xx_HAL_Driver/stm32f0xx_hal_flash_ex.d ./Drivers/STM32F0xx_HAL_Driver/stm32f0xx_hal_flash_ex.o ./Drivers/STM32F0xx_HAL_Driver/stm32f0xx_hal_flash_ex.su ./Drivers/STM32F0xx_HAL_Driver/stm32f0xx_hal_gpio.d ./Drivers/STM32F0xx_HAL_Driver/stm32f0xx_hal_gpio.o ./Drivers/STM32F0xx_HAL_Driver/stm32f0xx_hal_gpio.su ./Drivers/STM32F0xx_HAL_Driver/stm32f0xx_hal_i2c.d ./Drivers/STM32F0xx_HAL_Driver/stm32f0xx_hal_i2c.o ./Drivers/STM32F0xx_HAL_Driver/stm32f0xx_hal_i2c.su ./Drivers/STM32F0xx_HAL_Driver/stm32f0xx_hal_i2c_ex.d ./Drivers/STM32F0xx_HAL_Driver/stm32f0xx_hal_i2c_ex.o ./Drivers/STM32F0xx_HAL_Driver/stm32f0xx_hal_i2c_ex.su ./Drivers/STM32F0xx_HAL_Driver/stm32f0xx_hal_pwr.d ./Drivers/STM32F0xx_HAL_Driver/stm32f0xx_hal_pwr.o ./Drivers/STM32F0xx_HAL_Driver/stm32f0xx_hal_pwr.su ./Drivers/STM32F0xx_HAL_Driver/stm32f0xx_hal_pwr_ex.d ./Drivers/STM32F0xx_HAL_Driver/stm32f0xx_hal_pwr_ex.o ./Drivers/STM32F0xx_HAL_Driver/stm32f0xx_hal_pwr_ex.su ./Drivers/STM32F0xx_HAL_Driver/stm32f0xx_hal_rcc.d ./Drivers/STM32F0xx_HAL_Driver/stm32f0xx_hal_rcc.o ./Drivers/STM32F0xx_HAL_Driver/stm32f0xx_hal_rcc.su ./Drivers/STM32F0xx_HAL_Driver/stm32f0xx_hal_rcc_ex.d ./Drivers/STM32F0xx_HAL_Driver/stm32f0xx_hal_rcc_ex.o ./Drivers/STM32F0xx_HAL_Driver/stm32f0xx_hal_rcc_ex.su ./Drivers/STM32F0xx_HAL_Driver/stm32f0xx_hal_tim.d ./Drivers/STM32F0xx_HAL_Driver/stm32f0xx_hal_tim.o ./Drivers/STM32F0xx_HAL_Driver/stm32f0xx_hal_tim.su ./Drivers/STM32F0xx_HAL_Driver/stm32f0xx_hal_tim_ex.d ./Drivers/STM32F0xx_HAL_Driver/stm32f0xx_hal_tim_ex.o ./Drivers/STM32F0xx_HAL_Driver/stm32f0xx_hal_tim_ex.su ./Drivers/STM32F0xx_HAL_Driver/stm32f0xx_hal_uart.d ./Drivers/STM32F0xx_HAL_Driver/stm32f0xx_hal_uart.o ./Drivers/STM32F0xx_HAL_Driver/stm32f0xx_hal_uart.su ./Drivers/STM32F0xx_HAL_Driver/stm32f0xx_hal_uart_ex.d ./Drivers/STM32F0xx_HAL_Driver/stm32f0xx_hal_uart_ex.o ./Drivers/STM32F0xx_HAL_Driver/stm32f0xx_hal_uart_ex.su
rm -rf ./Core/Startup/startup_stm32f072rbtx.d ./Core/Startup/startup_stm32f072rbtx.o
rm -rf ./Core/Src/main.d ./Core/Src/main.o ./Core/Src/main.su ./Core/Src/stm32f0xx_hal_msp.d ./Core/Src/stm32f0xx_hal_msp.o ./Core/Src/stm32f0xx_hal_msp.su ./Core/Src/stm32f0xx_it.d ./Core/Src/stm32f0xx_it.o ./Core/Src/stm32f0xx_it.su ./Core/Src/syscalls.d ./Core/Src/syscalls.o ./Core/Src/syscalls.su ./Core/Src/sysmem.d ./Core/Src/sysmem.o ./Core/Src/sysmem.su ./Core/Src/system_stm32f0xx.d ./Core/Src/system_stm32f0xx.o ./Core/Src/system_stm32f0xx.su
rm -rf Alpha.elf Alpha.list Alpha.map default.size.stdout
 
